=== start za 03-10-2026  8:48:49,50 
Te vroeg: deze ronde gaat pas ma 5 okt om 09:00.
=== einde za 03-10-2026  8:48:49,67 
=== start ma 05-10-2026  9:00:01,15 
OK   Groningen <stadjerspas@groningen.nl> 01a10adc-c3e2-7db4-960b-0554d5b05a2c
OK   Almere <info@almere.nl> 01a10adc-d045-74ba-a96e-73329e9dbaec
OK   Enschede <postbus20@enschede.nl> 01a10adc-def2-73fc-b7d7-1056a2f7d6c7
OK   Haarlemmermeer <info@haarlemmermeer.nl> 01a10adc-ea6b-792c-aeb0-271bff74103b
OK   Zoetermeer <Antwoord@zoetermeer.nl> 01a10adc-f2b4-78e2-b883-d9ea0bb4dbc2
OK   Boxtel <schoolspullenpas@boxtel.nl> 01a10adc-fdc9-7277-aeaa-bba5976e6bc8
OK   Amersfoort <cpi@amersfoort.nl> 01a10add-075c-7e94-9b3a-82935eed13b5
OK   's-Hertogenbosch <info@klantenservice-bosschepas.nl> 01a10add-0e74-760a-82d2-32fa6bd5d449
OK   Haarlem <antwoord@haarlem.nl> 01a10add-1572-70f8-acac-de28f85c1a51
OK   Zwolle <postbus@zwolle.nl> 01a10add-1ca2-7756-9d39-846a5430e376
OK   Maastricht <Post-SocialeZaken@maastricht.nl> 01a10add-23cf-77ac-a5e7-9c95c0b1fb94
OK   Ede <consulenten@ede.nl> 01a10add-2ab7-72c4-995e-8928ff307ce0
OK   Westland <info@gemeentewestland.nl> 01a10add-31fe-72c4-b094-1b8463a297f3
OK   Alphen aan den Rijn <gemeente@alphenaandenrijn.nl> 01a10add-39b6-784e-945c-7348fa724bf3
OK   Delft <pacttegenarmoede@delft.nl> 01a10add-40f7-7922-ab70-98b8edefc4ba
OK   Emmen <gemeente@emmen.nl> 01a10add-4840-751e-9e0d-bbe60f81fc0e
OK   Deventer <gemeente@deventer.nl> 01a10add-4f42-779b-a27e-42681c771f4a
OK   Helmond <zorgpoort@helmond.nl> 01a10add-564f-7a26-91a4-b4372529112b
OK   Purmerend <info@purmerend.nl> 01a10add-5d6b-7b99-9b8a-8314ac9c7f6a
OK   Amstelveen <sociaalloket@amstelveen.nl> 01a10add-6472-792d-8245-1ff34cb7162c
OK   Oss <Gemeente@oss.nl> 01a10add-6bac-7ef6-92bc-cb14e500514e
OK   Hilversum <sociaalplein@hilversum.nl> 01a10add-72f8-7688-9d0a-20d416273626
OK   Land van Cuijk <inkomensondersteuning@landvancuijk.nl> 01a10add-7a8b-717f-9fb2-81a0bb060dd8
OK   Sittard-Geleen <info@sittard-geleen.nl> 01a10add-82b0-7a04-b511-303860311ea3
OK   Hoeksche Waard <gir@gemeentehw.nl> 01a10add-8a12-742e-8b00-ecd21bb62d5d
OK   Dijk en Waard <sociaaldomein@dijkenwaard.nl> 01a10add-9107-7ec1-a5d2-86e52ccd53bb
OK   Súdwest-Fryslân <info@gemeentesudwestfryslan.nl> 01a10add-9810-76a0-83bd-2f754e7beb07
OK   Nissewaard <minimaregeling@nissewaard.nl> 01a10add-9f5c-7132-95d9-fd5ec4817f8e
OK   Meierijstad <info@meierijstad.nl> 01a10add-a650-7bce-a72e-1031ba2aaf55
OK   Hengelo <gemeente@hengelo.nl> 01a10add-adb9-7ee6-84f9-b8d3ff2c140e
OK   Roosendaal <info@roosendaal.nl> 01a10add-b4d1-7518-a730-cba18ec6d9a4
OK   Gouda <gemeente@gouda.nl> 01a10add-bc3e-7392-be52-c54bdd9e94bc
OK   Hoorn <rondkomen@hoorn.nl> 01a10add-c353-7764-8614-079b750985be
OK   Almelo <socialezaken@almelo.nl> 01a10add-ca6a-7ac0-bbec-9ae494589635
OK   Voorne aan Zee <gemeente@voorneaanzee.nl> 01a10add-d178-757f-9da8-3b29ccad434f
OK   Veenendaal <veenendaal@minimaregelingen.nl> 01a10add-d996-7802-b5d8-69105ac1663b
OK   Assen <info@assen.nl> 01a10add-e0b8-7d88-bc39-9c30f52bd134
OK   Bergen op Zoom <stadskantoor@bergenopzoom.nl> 01a10add-e7d1-7f3a-9bc8-f02090d98ffc
OK   Velsen <info@velsen.nl> 01a10add-efd4-73c8-9ff4-35bcb4e30b81
OK   Capelle aan den IJssel <gemeente@capelleaandenijssel.nl> 01a10add-f72e-7a21-9c25-b0f27d138e72

Klaar: 40 verstuurd, 0 mislukt (van 40). Formulier voor Mark: Amsterdam, Utrecht, Eindhoven, Nijmegen, Breda, Apeldoorn, Leiden, Venlo, Vlaardingen.
=== einde ma 05-10-2026  9:01:22,69 
