=== start ma 21-09-2026 14:48:37,50 
1	KC Oda en KC Loper	i.lammerschop@mosalira.nl	OK	01a0c402-e632-7700-a1aa-4743607fab3f
2	Kindcentrum 't Loont (SKOV)	m.verhoeven@skov-onderwijs.nl	OK	01a0c402-ec96-710d-b18a-09156003018a
3	Kindcentrum De Lichtbaak	delichtbaak@ckcdrenthe.nl	OK	01a0c402-f308-715b-99ca-20a83d5d31d7
4	Kindcentrum De Linde	lennevantilburg@skobos.nl	OK	01a0c402-ff27-735e-b1eb-66f3f2fd7dca
5	Kindcentrum De Linge	a.minnaard@alberoscholen.nl	OK	01a0c403-04f2-77ae-985f-4f3bd28b037c
6	Kindcentrum De Vindplaats	h.oerlemans@vindplaats.amsterdam	OK	01a0c403-0d4c-72d8-834b-6357f3405f90
7	Kindcentrum De Waaier	mariekenijhof@archipelprimair.nl	OK	01a0c403-14b6-7797-a53e-043462851050
8	Kindcentrum De Wentelwiek	jose.vanhugte@eenbes.nl	OK	01a0c403-1a9f-719b-908f-7d3d3ad90b16
9	Kindcentrum LEEF	wendybk@kcleef.nl	OK	01a0c403-27ab-745d-9ee5-317d25177e52
10	Kindcentrum Paulus	patty.vanthoofd@innovo.nl	OK	01a0c403-2f8f-74ce-802a-5ac1483cc5a7
11	Kindcentrum Sterrebos	hannieuijtdewilligen@saamscholen.nl	OK	01a0c403-360f-73b8-a34a-bd6f3888a183
12	Kindcentrum Universum	a.boon@talenthoorn.nl	OK	01a0c403-3d80-773d-9e2e-dd07bc21c423
13	Kindcentrum Wijngaard	kindcentrumwijngaard@accrete.nl	OK	01a0c403-47e7-74fa-9457-afd7b9e22792
14	Kindercampus Mondriaan	natasha.retel@nestas-scholengroep.nl	OK	01a0c403-4e8a-713e-a06f-5bd050f49ff1
15	Kinderstad	nicole.clemens@bijkinderstad.nl	OK	01a0c403-54e3-720b-a752-e57650594b51
16	Koepelschool NMB	cbruijnis@vhsede.nl	OK	01a0c403-5aa3-7297-a4ad-e594867a6b6b
17	Koningin Beatrixschool	contact@beatrixschool.info	OK	01a0c403-60ad-753c-9815-e2b85b2b82bc
18	Kuna Mondo	m.sanders@cpow.nl	OK	01a0c403-6ad4-73ce-8549-88eee7923c47
19	Leimundo	petrakennis@leimundo.nl	OK	01a0c403-70e0-75fe-af5e-a3a8e46fb5c7
20	Louis Bouwmeester	info@louisbouwmeesterschool.nl	OK	01a0c403-76b6-7534-8bdd-c2f6466ed2c3
21	Master Amiko	marieke.postma@kykscholen.nl	OK	01a0c403-7c84-709d-8d30-73b4a7b3ef10
22	Meerwerf Basisschool Villa Kakelbont	directie@villakakelbont.meerwerf.nl	OK	01a0c403-8266-7023-9f4e-0eb6591cc77a
23	Meester Schabergschool	mmaartense@scoh.nl	OK	01a0c403-8829-753c-8cdd-16f55a2e4ba7
24	MiMundo	a.bos@sooog.nl	OK	01a0c403-8de6-7779-835a-4a78df9807d4
25	MKC Anne Frankschool	heleenpeterse@ijsselgraaf.nl	OK	01a0c403-93ad-75be-bd69-6fa3ad0b5b15
26	Neuteboomschool locatie Obs. Wereldwijs	teamleider.wereldwijs@opron.nl	OK	01a0c403-999a-748c-9c77-58295339a23f
27	Nieuwkomers Basisschool	nicole.clemens@bijkinderstad.nl	OK	01a0c403-9f9c-75db-9417-2f40c595bf07
28	Nieuwkomersklas Tiel	onderwijs@opo-r.nl	OK	01a0c403-a566-73df-a19b-6b30b4ade84e
29	Nieuwkomersschool de Globe	l.dagelet@wijzer.nu	OK	01a0c403-ab19-7000-8d19-8aed2c35186d
30	Nieuwkomersschool De Schakel	garcia@nksdeschakel.nl	OK	01a0c403-b0e5-77ab-9fc5-ec1d664602de
31	Nieuwkomersschool De Wereld	directie.dewereld@sophiascholen.nl	OK	01a0c403-b6a2-7625-98ec-3905d5f61555
32	Nieuwkomersschool Het Pyriet	hetpyriet@sopow.nl	OK	01a0c403-bc6d-7351-829c-ababc77c65ea
33	Nieuwkomersschool West Betuwe	d.koelink@fluvium.nl	OK	01a0c403-c24f-7466-b0ac-6d81b91525ca
34	Nieuwkomersschool Zwolle	directie.nieuwkomersschool@catent.nl	OK	01a0c403-c81a-7357-b0ad-f3950402dad9
35	Nieuwkomersvoorziening West-Friesland, locatie Palet	lianne.broersen@palet-stedebroec.nl	OK	01a0c403-cdd4-74aa-8306-c37868ebe0da
36	NT2-basisschool Het Palet	e.mermer@viadere.nl	OK	01a0c403-d3ab-71df-af6c-0e63d79a7352
37	o.b.s. De Voshaar	directie@devoshaar.nl	OK	01a0c403-d96b-7358-a0bd-962709674d70
38	OBS 't Montferland	simone.tenklooster@paraatscholen.nl	OK	01a0c403-df38-776b-9950-8c069f2bf103
39	Obs Dakpark	jeannette.devos@obsdakpark.nl	OK	01a0c403-e506-77ad-a49b-a88264da5653
40	OBS de Bloemberg	directie.bloemberg@conexus.nu	OK	01a0c403-ec1d-778e-a9e9-0e9ec66029d4
41	Obs de Dennenkamp	g.willems@ooz.nl	OK	01a0c403-f1e0-7194-85e3-e660d3027456
42	OBS De Dolfijn	mike.mastwijk@ozhw.nl	OK	01a0c403-f7aa-73bf-8b8a-9bce157216be
43	OBS De Draaimolen	corina.kranendonk@ozhw.nl	OK	01a0c403-fd6f-74fc-8771-bfa39ef94417
44	OBS De Driepas	l.bakkes@kindante.nl	OK	01a0c404-032d-76ad-b5e2-2f93768b4d10
45	OBS de Duizendpoot	l.schreurs@kindante.nl	OK	01a0c404-08f4-74e8-854a-2df04b76c437
KLAAR 45 / 45
=== einde ma 21-09-2026 14:49:54,97 
