OK brabant__abg-gemeenten
OK brabant__altena
OK brabant__bergeijk-en-eersel
OK brabant__bergen-op-zoom
OK brabant__best
OK brabant__bladel-en-reusel-de-mierden
OK brabant__dongen
OK brabant__drimmelen
OK brabant__eindhoven
OK brabant__geertruidenberg
OK brabant__geldrop-mierlo
OK brabant__heeze-leende
OK brabant__helmond
OK brabant__maashorst
OK brabant__oisterwijk
OK brabant__oss
OK brabant__roosendaal
OK brabant__tilburg
OK brabant__valkenswaard
OK brabant__veldhoven
OK brabant__loon-op-zand
OK brabant__vught
OK brabant__waalwijk
OK drenthe__de-wolden
OK drenthe__hoogeveen
OK brabant__someren
OK drenthe__meppel
OK drenthe__westerveld
OK flevoland__zeewolde
OK friesland__achtkarspelen
OK friesland__heerenveen
OK friesland__leeuwarden
OK friesland__ooststellingwerf
OK friesland__opsterland
OK friesland__smallingerland
OK gelderland__berg-en-dal
OK gelderland__buren
OK friesland__harlingen
OK gelderland__culemborg
OK gelderland__druten
OK gelderland__duiven
OK gelderland__ede
OK gelderland__heumen
OK gelderland__ermelo
OK gelderland__neder-betuwe
OK gelderland__nijmegen
OK gelderland__oldebroek
OK gelderland__wageningen
OK gelderland__wijchen
OK gelderland__zevenaar
OK groningen__midden-groningen
OK groningen__pekela
OK groningen__veendam
OK gelderland__scherpenzeel
OK limburg__beek
OK gelderland__west-maas-en-waal
OK limburg__beekdaelen
OK gelderland__westervoort
OK limburg__beesel
OK limburg__brunssum
OK limburg__leudal
OK limburg__maasgouw
OK limburg__maastricht
OK limburg__meerssen
OK limburg__mook-en-middelaar
OK limburg__nederweert
OK limburg__roerdalen-2
OK limburg__roermond
OK limburg__sittard-geleen
OK limburg__stein
OK limburg__valkenburg-aan-de-geul
OK limburg__venlo
OK limburg__venray
OK limburg__weert-2
OK noord-holland__aalsmeer
OK noord-holland__alkmaar-2
OK noord-holland__amstelveen
OK noord-holland__amsterdam-centrum
OK noord-holland__amsterdam-nieuw-west
OK noord-holland__amsterdam-oost
OK noord-holland__amsterdam-noord
OK noord-holland__amsterdam-west
OK noord-holland__amsterdam-zuid
OK noord-holland__amsterdam-zuid-oost
OK noord-holland__amsterdam
OK noord-holland__bergen
OK noord-holland__beverwijk
OK noord-holland__castricum
OK noord-holland__den-helder
OK noord-holland__diemen
OK noord-holland__dijk-en-waard
OK noord-holland__drechterland
OK noord-holland__enkhuizen
OK noord-holland__gooise-meren
OK noord-holland__bloemendaal
OK noord-holland__haarlem
OK noord-holland__heemskerk
OK noord-holland__heiloo
OK noord-holland__hilversum
OK noord-holland__hollands-kroon
OK noord-holland__hoorn
OK noord-holland__huizen
OK noord-holland__koggenland
OK noord-holland__medemblik
OK noord-holland__oostzaan
OK noord-holland__opmeer
OK noord-holland__heemstede
OK noord-holland__ouder-amstel
OK noord-holland__purmerend
OK noord-holland__schagen
OK noord-holland__landsmeer
OK noord-holland__stede-broec
OK noord-holland__stichtse-vecht
OK noord-holland__uitgeest
OK noord-holland__uithoorn
OK noord-holland__velsen
OK noord-holland__waterland
OK noord-holland__weesp
OK noord-holland__wijdemeren
OK noord-holland__wormerland
OK noord-holland__zaanstad
OK noord-holland__zandvoort
OK utrecht__baarn
OK utrecht__bunnik
OK utrecht__de-ronde-venen
OK utrecht__houten
OK utrecht__ijsselstein-2
OK utrecht__leusden
OK utrecht__nieuwegein
OK utrecht__rhenen
OK utrecht__utrechtse-heuvelrug
OK utrecht__vijfheerenlanden
OK utrecht__woerden
OK zuid-holland__delft
OK utrecht__lopik
OK zuid-holland__den-haag
OK zuid-holland__dordrecht
OK zuid-holland__hendrik-ido-ambacht
OK zuid-holland__hoeksche-waard
OK zuid-holland__leiden
OK zuid-holland__leidschendam-voorburg
OK zuid-holland__molenlanden
OK zuid-holland__noordwijk
OK zuid-holland__ridderkerk
OK zuid-holland__rotterdam
OK zuid-holland__vlaardingen
OK zuid-holland__sliedrecht
OK zuid-holland__papendrecht
OK zuid-holland__zwijndrecht
OK zuid-holland__rijswijk
